// Jest Snapshot v1, https://goo.gl/fbAQLP

exports[`svg should match snapshot 1`] = `"<svg data-file-name='svg-test'></svg>"`;
